// Jest Snapshot v1, https://goo.gl/fbAQLP

exports[`BotDetails renders with no data 1`] = `
<View
  pointerEvents="box-none"
  style={
    Object {
      "flex": 1,
    }
  }
>
  <R2RTouchThroughWrapper
    style={
      Object {
        "height": 1334,
        "width": 750,
      }
    }
  >
    <RCTScrollView
      ItemSeparatorComponent={[Function]}
      ListFooterComponent={[Function]}
      ListHeaderComponent={
        <DraggablePopupListHeader
          inner={
            <inject-BotDetailsHeader-with-notificationStore-analytics-locationStore
              analytics={
                Object {
                  "track": [MockFunction],
                }
              }
              bot={
                Object {
                  "address": "",
                  "addressData": Object {
                    "city": "",
                    "country": "",
                    "county": "",
                    "state": "",
                  },
                  "description": "",
                  "followersSize": 0,
                  "guest": false,
                  "guestsSize": 0,
                  "icon": "",
                  "id": "1234",
                  "image": null,
                  "invitation": null,
                  "isSubscribed": false,
                  "location": null,
                  "owner": null,
                  "radius": 100,
                  "server": null,
                  "title": null,
                  "totalItems": 0,
                  "visitor": false,
                  "visitors": Object {
                    "count": null,
                    "cursor": null,
                    "result": Array [],
                  },
                  "visitorsSize": 0,
                }
              }
              botId="1234"
              homeStore={Object {}}
              isNew={false}
              navigation={
                Object {
                  "state": Object {
                    "params": Object {
                      "isNew": false,
                    },
                  },
                }
              }
              notificationStore={Object {}}
              wocky={
                Object {
                  "_acceptBotInvitation": [MockFunction],
                  "_addMessage": [MockFunction],
                  "_block": [MockFunction],
                  "_follow": [MockFunction],
                  "_hideUser": [MockFunction],
                  "_inviteBot": [MockFunction],
                  "_loadBotGuests": [MockFunction],
                  "_loadBotPosts": [MockFunction],
                  "_loadBotSubscribers": [MockFunction],
                  "_loadBotVisitors": [MockFunction],
                  "_loadGeofenceBots": [MockFunction],
                  "_loadNewNotifications": [MockFunction],
                  "_loadNotifications": [MockFunction],
                  "_loadOwnBots": [MockFunction],
                  "_loadRelations": [MockFunction],
                  "_loadSubscribedBots": [MockFunction],
                  "_onBotVisitor": [MockFunction],
                  "_onNotification": [MockFunction],
                  "_publishBotPost": [MockFunction],
                  "_registerReferences": [MockFunction],
                  "_removeBotPost": [MockFunction],
                  "_removeUpload": [MockFunction],
                  "_requestProfiles": [MockFunction],
                  "_requestUpload": [MockFunction],
                  "_sendMessage": [MockFunction],
                  "_shareBot": [MockFunction],
                  "_subscribeBot": [MockFunction],
                  "_unblock": [MockFunction],
                  "_unfollow": [MockFunction],
                  "_unsubscribeBot": [MockFunction],
                  "_updateBot": [MockFunction],
                  "_updateProfile": [MockFunction],
                  "activeBots": Object {},
                  "addRosterItem": [MockFunction],
                  "afterCreate": [MockFunction],
                  "all": Object {},
                  "blocked": Object {},
                  "bots": Object {},
                  "chats": Object {},
                  "clearCache": [MockFunction],
                  "connected": true,
                  "connecting": false,
                  "create": [MockFunction],
                  "createBot": [MockFunction],
                  "createChat": [MockFunction],
                  "createProfile": [MockFunction],
                  "deleteBot": [MockFunction],
                  "disablePush": [MockFunction],
                  "disconnect": [MockFunction],
                  "disposeReactions": [MockFunction],
                  "downloadFile": [MockFunction],
                  "downloadTROS": [MockFunction],
                  "downloadThumbnail": [MockFunction],
                  "downloadURL": [MockFunction],
                  "enablePush": [MockFunction],
                  "files": Object {},
                  "followed": Object {},
                  "followers": Object {},
                  "friends": Object {},
                  "geofenceBots": Object {},
                  "getBot": [Function],
                  "getLocationsVisited": [MockFunction],
                  "getProfile": [MockFunction],
                  "hasUnreadNotifications": false,
                  "host": "host",
                  "id": "wocky",
                  "load": [MockFunction],
                  "loadBot": [MockFunction] {
                    "calls": Array [
                      Array [
                        "1234",
                        undefined,
                      ],
                    ],
                    "results": Array [
                      Object {
                        "isThrow": false,
                        "value": undefined,
                      },
                    ],
                  },
                  "loadChat": [MockFunction],
                  "loadChats": [MockFunction],
                  "loadLocalBots": [MockFunction],
                  "loadProfile": [MockFunction],
                  "login": [MockFunction],
                  "logout": [MockFunction],
                  "lookup": [MockFunction],
                  "map": [MockFunction],
                  "newFollowers": Object {},
                  "notifications": Object {},
                  "password": "password",
                  "profile": Object {
                    "email": "eric.kirkham@gmail.com",
                    "firstName": "eric",
                    "handle": "jerkham",
                    "lastName": "kirkham",
                    "loaded": true,
                    "updateError": "",
                  },
                  "profiles": Object {},
                  "register": [MockFunction],
                  "remove": [MockFunction],
                  "removeBot": [MockFunction],
                  "requestRoster": [MockFunction],
                  "roster": Object {},
                  "searchUsers": [MockFunction],
                  "service": [MockFunction],
                  "sessionCount": 0,
                  "setLocation": [MockFunction],
                  "setSessionCount": [MockFunction],
                  "sortedRoster": Array [],
                  "startReactions": [MockFunction],
                  "testRegister": [MockFunction],
                  "transport": Object {},
                  "userInviteMakeCode": [MockFunction],
                  "userInviteRedeemCode": [MockFunction],
                  "username": "username",
                  "viewNotifications": [MockFunction],
                }
              }
            />
          }
        />
      }
      bounces={false}
      contentContainerStyle={
        Object {
          "flexGrow": 1,
          "paddingBottom": 50,
        }
      }
      data={Array []}
      disableVirtualization={false}
      getItem={[Function]}
      getItemCount={[Function]}
      horizontal={false}
      initialNumToRender={8}
      keyExtractor={[Function]}
      keyboardDismissMode="on-drag"
      maxToRenderPerBatch={10}
      numColumns={1}
      onContentSizeChange={[Function]}
      onEndReachedThreshold={2}
      onLayout={[Function]}
      onMomentumScrollEnd={[Function]}
      onScroll={[Function]}
      onScrollBeginDrag={[Function]}
      onScrollEndDrag={[Function]}
      renderItem={[Function]}
      scrollEventThrottle={50}
      showsVerticalScrollIndicator={false}
      stickyHeaderIndices={Array []}
      style={
        Array [
          Object {
            "flex": 1,
          },
          undefined,
        ]
      }
      updateCellsBatchingPeriod={50}
      viewabilityConfigCallbackPairs={Array []}
      windowSize={21}
    >
      <View>
        <View
          onLayout={[Function]}
          style={null}
        >
          <View>
            <R2RTouchThroughView
              style={
                Object {
                  "height": 667,
                  "width": 750,
                }
              }
            />
            <View
              style={
                Object {
                  "paddingTop": 50,
                }
              }
            >
              <Image
                resizeMode="stretch"
                source={
                  Object {
                    "testUri": "../../../images/bottomPopup.png",
                  }
                }
                style={
                  Object {
                    "position": "absolute",
                    "width": "100%",
                  }
                }
              />
              <View
                style={
                  Object {
                    "backgroundColor": "white",
                    "flex": 1,
                    "marginTop": 20,
                    "paddingHorizontal": 40,
                  }
                }
              >
                <View>
                  <View
                    style={
                      Object {
                        "flexDirection": "row",
                        "justifyContent": "center",
                      }
                    }
                  >
                    <Text
                      accessible={true}
                      allowFontScaling={true}
                      ellipsizeMode="tail"
                      numberOfLines={2}
                      style={
                        Array [
                          Object {
                            "color": "rgb(63,50,77)",
                            "fontFamily": "Roboto-Regular",
                            "fontSize": 20,
                          },
                          Object {
                            "textAlign": "center",
                            "width": "75%",
                          },
                        ]
                      }
                    />
                  </View>
                  <View
                    style={
                      Object {
                        "flexDirection": "row",
                        "justifyContent": "center",
                        "marginTop": 20,
                      }
                    }
                  >
                    <BVLinearGradient
                      colors={
                        Array [
                          "rgb(242,68,191)",
                          "rgb(254,110,98)",
                          "rgb(254,92,108)",
                        ]
                      }
                      end={
                        Object {
                          "x": 1,
                          "y": 0.5,
                        }
                      }
                      start={
                        Object {
                          "x": 0,
                          "y": 0.5,
                        }
                      }
                      style={
                        Object {
                          "borderRadius": 5,
                          "marginRight": 10,
                          "paddingHorizontal": 20,
                          "paddingVertical": 6,
                        }
                      }
                    >
                      <Text
                        accessible={true}
                        allowFontScaling={true}
                        ellipsizeMode="tail"
                        style={
                          Array [
                            Object {
                              "color": "rgb(255,255,255)",
                              "fontFamily": "Roboto-Medium",
                              "fontSize": 12,
                            },
                            undefined,
                          ]
                        }
                      >
                        
                      </Text>
                    </BVLinearGradient>
                    <BVLinearGradient
                      colors={
                        Array [
                          "rgb(242,68,191)",
                          "rgb(254,110,98)",
                          "rgb(254,92,108)",
                        ]
                      }
                      end={
                        Object {
                          "x": 1,
                          "y": 0.5,
                        }
                      }
                      start={
                        Object {
                          "x": 0,
                          "y": 0.5,
                        }
                      }
                      style={
                        Object {
                          "borderRadius": 5,
                          "marginRight": 10,
                          "paddingHorizontal": 20,
                          "paddingVertical": 6,
                        }
                      }
                    >
                      <Text
                        accessible={true}
                        allowFontScaling={true}
                        ellipsizeMode="tail"
                        style={
                          Array [
                            Object {
                              "color": "rgb(255,255,255)",
                              "fontFamily": "Roboto-Medium",
                              "fontSize": 12,
                            },
                            undefined,
                          ]
                        }
                      />
                    </BVLinearGradient>
                  </View>
                  <View>
                    <View
                      style={
                        Object {
                          "alignItems": "center",
                        }
                      }
                    >
                      <View
                        style={
                          Object {
                            "height": 17,
                          }
                        }
                      />
                      <View
                        style={
                          Array [
                            Object {
                              "backgroundColor": "rgb(222,222,222)",
                              "height": 2,
                              "marginHorizontal": 50,
                              "marginVertical": 40,
                            },
                            Object {
                              "marginHorizontal": 5,
                              "marginTop": 0,
                              "width": "100%",
                            },
                          ]
                        }
                      />
                    </View>
                    <View
                      style={
                        Object {
                          "alignItems": "center",
                          "backgroundColor": "rgb(255,255,255)",
                          "flexDirection": "row",
                          "marginBottom": 10,
                        }
                      }
                    >
                      <View
                        style={
                          Array [
                            Object {
                              "alignItems": "center",
                              "height": 160,
                            },
                            undefined,
                          ]
                        }
                      />
                    </View>
                    <View
                      style={
                        Array [
                          Object {
                            "backgroundColor": "rgb(222,222,222)",
                            "height": 2,
                            "marginHorizontal": 50,
                            "marginVertical": 40,
                          },
                          Object {
                            "marginHorizontal": 5,
                          },
                        ]
                      }
                    />
                  </View>
                </View>
              </View>
            </View>
          </View>
        </View>
        <View
          onLayout={[Function]}
          style={null}
        />
      </View>
    </RCTScrollView>
    <View
      style={
        Object {
          "left": 0,
          "opacity": 0,
          "position": "absolute",
          "right": 0,
          "top": 0,
        }
      }
    >
      <View
        style={
          Object {
            "alignItems": "center",
            "backgroundColor": "white",
            "borderBottomWidth": 1,
            "borderColor": "rgb(212,212,212)",
            "elevation": 1,
            "flex": 1,
            "flexDirection": "row",
            "height": 64,
            "justifyContent": "space-between",
            "paddingHorizontal": 10,
            "paddingTop": 20,
          }
        }
      >
        <View
          style={
            Object {
              "width": 23,
            }
          }
        >
          <View
            accessible={true}
            isTVSelectable={true}
            onResponderGrant={[Function]}
            onResponderMove={[Function]}
            onResponderRelease={[Function]}
            onResponderTerminate={[Function]}
            onResponderTerminationRequest={[Function]}
            onStartShouldSetResponder={[Function]}
            style={
              Object {
                "opacity": 1,
              }
            }
          >
            <Image
              source={
                Object {
                  "testUri": "../../../images/iconBackGrayNew.png",
                }
              }
              style={
                Object {
                  "height": 21,
                  "marginLeft": 10,
                  "tintColor": "rgb(117,117,117)",
                  "width": 13,
                }
              }
            />
          </View>
        </View>
        <View
          style={
            Object {
              "alignItems": "center",
              "flex": 1,
              "justifyContent": "center",
            }
          }
        >
          <View
            accessible={true}
            isTVSelectable={true}
            onResponderGrant={[Function]}
            onResponderMove={[Function]}
            onResponderRelease={[Function]}
            onResponderTerminate={[Function]}
            onResponderTerminationRequest={[Function]}
            onStartShouldSetResponder={[Function]}
            style={
              Object {
                "marginHorizontal": 16,
                "opacity": 1,
              }
            }
          >
            <Text
              accessible={true}
              allowFontScaling={true}
              ellipsizeMode="tail"
              style={
                Array [
                  Object {
                    "color": "rgb(63,50,77)",
                    "fontFamily": "Roboto-Regular",
                    "fontSize": 16,
                  },
                  Array [
                    Object {
                      "color": "rgb(63,50,77)",
                      "fontFamily": "Roboto-Regular",
                      "fontSize": 32,
                      "fontWeight": undefined,
                      "letterSpacing": 0.5,
                    },
                    Object {
                      "textAlign": "center",
                    },
                  ],
                ]
              }
            />
            <Text
              accessible={true}
              allowFontScaling={true}
              ellipsizeMode="tail"
              numberOfLines={1}
              style={
                Array [
                  Object {
                    "color": "rgb(63,50,77)",
                    "fontFamily": "Roboto-Light",
                    "fontSize": 12,
                  },
                  Object {
                    "textAlign": "center",
                  },
                ]
              }
            >
              
            </Text>
          </View>
        </View>
        <View
          style={
            Object {
              "marginRight": 20,
            }
          }
        >
          <View
            accessible={true}
            isTVSelectable={true}
            onResponderGrant={[Function]}
            onResponderMove={[Function]}
            onResponderRelease={[Function]}
            onResponderTerminate={[Function]}
            onResponderTerminationRequest={[Function]}
            onStartShouldSetResponder={[Function]}
            style={
              Object {
                "opacity": 1,
              }
            }
          >
            <Image
              source={
                Object {
                  "testUri": "../../../images/shareIcon.png",
                }
              }
            />
          </View>
        </View>
      </View>
    </View>
  </R2RTouchThroughWrapper>
  <View
    pointerEvents="box-none"
    style={
      Object {
        "transform": Array [
          Object {
            "translateY": 0,
          },
        ],
      }
    }
  >
    <View
      style={
        Object {
          "backgroundColor": "rgb(255,255,255)",
          "borderColor": "rgb(212,212,212)",
          "borderTopWidth": 1,
          "bottom": 0,
          "left": 0,
          "position": "absolute",
          "right": 0,
        }
      }
    >
      <View
        style={
          Array [
            Object {
              "alignItems": "flex-start",
              "backgroundColor": "white",
              "flexDirection": "row",
              "padding": 15,
            },
          ]
        }
      >
        <View
          accessible={true}
          hitSlop={
            Object {
              "bottom": 15,
              "left": 15,
              "right": 15,
              "top": 15,
            }
          }
          isTVSelectable={true}
          onResponderGrant={[Function]}
          onResponderMove={[Function]}
          onResponderRelease={[Function]}
          onResponderTerminate={[Function]}
          onResponderTerminationRequest={[Function]}
          onStartShouldSetResponder={[Function]}
          style={
            Object {
              "borderColor": "transparent",
              "borderWidth": 0,
              "opacity": 1,
            }
          }
        >
          <Image
            resizeMode="contain"
            source={
              Object {
                "testUri": "../../../images/attachPhoto.png",
              }
            }
            style={
              Object {
                "height": 21,
              }
            }
          />
        </View>
        <TextInput
          allowFontScaling={true}
          enablesReturnKeyAutomatically={true}
          maxLength={5000}
          multiline={true}
          onBlur={[Function]}
          onChangeText={[Function]}
          onFocus={[Function]}
          placeholder="Add a comment"
          placeholderTextColor="rgb(155,155,155)"
          returnKeyType="default"
          style={
            Array [
              Object {
                "alignSelf": "center",
                "flex": 1,
                "fontFamily": "Roboto-Regular",
                "fontSize": 14,
                "margin": 0,
                "paddingHorizontal": 11,
                "paddingTop": 0,
              },
              Object {
                "color": "rgb(63,50,77)",
              },
              Object {
                "height": "auto",
              },
            ]
          }
          value=""
        />
        <View
          accessible={true}
          hitSlop={
            Object {
              "bottom": 15,
              "left": 15,
              "right": 15,
              "top": 15,
            }
          }
          isTVSelectable={true}
          onResponderGrant={[Function]}
          onResponderMove={[Function]}
          onResponderRelease={[Function]}
          onResponderTerminate={[Function]}
          onResponderTerminationRequest={[Function]}
          onStartShouldSetResponder={[Function]}
          style={
            Object {
              "opacity": 1,
            }
          }
        >
          <Text
            accessible={true}
            allowFontScaling={true}
            ellipsizeMode="tail"
            style={
              Array [
                Object {
                  "color": "rgb(212,212,212)",
                  "fontFamily": "Roboto-Regular",
                  "fontSize": 16,
                },
                undefined,
              ]
            }
          >
            Post
          </Text>
        </View>
      </View>
      <View
        style={
          Object {
            "backgroundColor": "white",
          }
        }
      />
    </View>
  </View>
</View>
`;
