// Jest Snapshot v1, https://goo.gl/fbAQLP

exports[`BotDetails renders with no data 1`] = `
<View
  style={
    Object {
      "flex": 1,
    }
  }
>
  <View
    style={
      Object {
        "alignItems": "center",
        "backgroundColor": "white",
        "paddingBottom": 160,
        "paddingTop": 40,
      }
    }
  >
    <Image
      resizeMode="contain"
      source={
        Object {
          "testUri": "../../../images/loader_pink.gif",
        }
      }
      style={
        Array [
          undefined,
          Object {
            "height": 72,
            "width": 72,
          },
        ]
      }
    />
  </View>
</View>
`;

exports[`BotDetails renders with test bot 1`] = `
<View
  style={
    Object {
      "flex": 1,
    }
  }
>
  <View
    style={
      Object {
        "alignItems": "center",
        "backgroundColor": "white",
        "paddingBottom": 160,
        "paddingTop": 40,
      }
    }
  >
    <Image
      resizeMode="contain"
      source={
        Object {
          "testUri": "../../../images/loader_pink.gif",
        }
      }
      style={
        Array [
          undefined,
          Object {
            "height": 72,
            "width": 72,
          },
        ]
      }
    />
  </View>
</View>
`;
