// Jest Snapshot v1, https://goo.gl/fbAQLP

exports[`ChatScreen renders with no data 1`] = `
<View
  pointerEvents="box-none"
  style={
    Object {
      "flex": 1,
      "transform": Array [
        Object {
          "translateY": 0,
        },
      ],
    }
  }
>
  <View
    style={
      Array [
        Object {
          "flex": 1,
        },
        undefined,
      ]
    }
  >
    <BVLinearGradient
      colors={
        Array [
          "rgb(255,255,255)",
          "rgb(241,242,244)",
          "rgb(243,244,246)",
        ]
      }
      locations={
        Array [
          0,
          0.2,
          1,
        ]
      }
      style={
        Object {
          "bottom": 0,
          "left": 0,
          "position": "absolute",
          "right": 0,
          "top": 0,
        }
      }
    />
    <View
      style={
        Array [
          Object {
            "flex": 1,
          },
        ]
      }
    >
      <RCTScrollView
        ListFooterComponent={[Function]}
        data={Array []}
        disableVirtualization={false}
        getItem={[Function]}
        getItemCount={[Function]}
        horizontal={false}
        initialNumToRender={10}
        invertStickyHeaders={true}
        inverted={true}
        keyExtractor={[Function]}
        maxToRenderPerBatch={10}
        numColumns={1}
        onContentSizeChange={[Function]}
        onEndReached={[Function]}
        onEndReachedThreshold={0.5}
        onLayout={[Function]}
        onMomentumScrollEnd={[Function]}
        onScroll={[Function]}
        onScrollBeginDrag={[Function]}
        onScrollEndDrag={[Function]}
        removeClippedSubviews={false}
        renderItem={[Function]}
        scrollEventThrottle={50}
        stickyHeaderIndices={Array []}
        updateCellsBatchingPeriod={50}
        viewabilityConfigCallbackPairs={Array []}
        windowSize={21}
      >
        <View>
          <View
            onLayout={[Function]}
            style={
              Object {
                "transform": Array [
                  Object {
                    "scaleY": -1,
                  },
                ],
              }
            }
          />
        </View>
      </RCTScrollView>
    </View>
  </View>
</View>
`;
