// Jest Snapshot v1, https://goo.gl/fbAQLP

exports[`Signup renders 1`] = `
<RCTScrollView
  automaticallyAdjustContentInsets={false}
  contentContainerStyle={undefined}
  contentInset={
    Object {
      "bottom": 0,
    }
  }
  enableAutoAutomaticScroll={true}
  enableResetScrollToCoords={true}
  extraHeight={75}
  extraScrollHeight={0}
  keyboardDismissMode="interactive"
  keyboardOpeningTime={250}
  onScroll={[Function]}
  scrollEventThrottle={0}
  showsVerticalScrollIndicator={true}
  style={
    Object {
      "flex": 1,
    }
  }
>
  <View>
    <View
      style={
        Object {
          "flexDirection": "row",
          "marginLeft": 140,
          "marginRight": 140,
          "marginTop": 95,
        }
      }
    >
      <Image
        source={
          Object {
            "testUri": "../../../images/pink.png",
          }
        }
        style={
          Object {
            "height": 138,
            "width": 120,
          }
        }
      />
      <View
        style={
          Object {
            "paddingLeft": 40,
          }
        }
      >
        <Text
          accessible={true}
          allowFontScaling={true}
          ellipsizeMode="tail"
          style={
            Array [
              Object {
                "color": "rgb(253,95,108)",
                "fontFamily": "Roboto-Light",
                "fontSize": 30,
              },
              Object {
                "lineHeight": 70,
              },
            ]
          }
        >
          Let's create your profile!
        </Text>
      </View>
    </View>
    <View
      style={
        Object {
          "alignItems": "center",
          "marginBottom": 30,
          "marginTop": 30,
        }
      }
    >
      <View
        accessibilityComponentType={undefined}
        accessibilityLabel={undefined}
        accessibilityTraits={undefined}
        accessible={true}
        collapsable={undefined}
        hitSlop={undefined}
        isTVSelectable={true}
        nativeID={undefined}
        onLayout={undefined}
        onResponderGrant={[Function]}
        onResponderMove={[Function]}
        onResponderRelease={[Function]}
        onResponderTerminate={[Function]}
        onResponderTerminationRequest={[Function]}
        onStartShouldSetResponder={[Function]}
        style={
          Object {
            "alignItems": "center",
            "opacity": 1,
          }
        }
        testID={undefined}
        tvParallaxProperties={undefined}
      >
        <Image
          resizeMode="cover"
          source={
            Object {
              "testUri": "../../../images/addPhoto.png",
            }
          }
          style={
            Array [
              Object {
                "borderRadius": 80,
                "height": 160,
                "width": 160,
              },
              undefined,
            ]
          }
        />
      </View>
    </View>
    <View
      style={
        Object {
          "marginHorizontal": 72,
        }
      }
    >
      <View>
        <Text
          accessible={true}
          allowFontScaling={true}
          ellipsizeMode="tail"
          style={
            Array [
              Object {
                "color": "rgb(253,95,108)",
                "fontFamily": "Roboto-Regular",
                "fontSize": 11,
              },
              Object {
                "marginLeft": 80,
                "marginTop": 10,
              },
            ]
          }
        >
          
        </Text>
        <View
          style={
            Array [
              Object {
                "alignItems": "center",
                "flexDirection": "row",
                "padding": 30,
              },
              Object {
                "justifyContent": "center",
                "paddingTop": 4,
              },
            ]
          }
        >
          <View
            style={
              Array [
                Object {
                  "alignItems": "center",
                  "paddingLeft": 10,
                  "paddingRight": 30,
                  "width": 30,
                },
                Object {
                  "height": 40,
                  "marginHorizontal": 10,
                  "width": 40,
                },
              ]
            }
          >
            <Image
              source={
                Object {
                  "testUri": "../../../images/iconUsernameNew.png",
                }
              }
            />
          </View>
          <View
            style={
              Object {
                "alignItems": "center",
                "flex": 1,
                "flexDirection": "row",
                "justifyContent": "center",
              }
            }
          >
            <TextInput
              allowFontScaling={true}
              autoCapitalize="none"
              clearButtonMode="while-editing"
              icon={
                Object {
                  "testUri": "../../../images/iconUsernameNew.png",
                }
              }
              label="Username"
              name="handle"
              onChangeText={[Function]}
              onSubmitEditing={[Function]}
              placeholder="Username"
              placeholderTextColor="rgb(212,212,212)"
              returnKeyType="next"
              store={
                ValidateItem {
                  "errorMessage": "",
                  "isValid": undefined,
                  "key": "handle",
                  "value": "jerkham",
                }
              }
              style={
                Object {
                  "color": "rgb(63,50,77)",
                  "flex": 1,
                  "fontFamily": "Roboto-Regular",
                  "fontSize": 36,
                }
              }
              underlineColorAndroid="transparent"
              value="jerkham"
            />
            <View
              style={
                Object {
                  "alignItems": "center",
                  "justifyContent": "center",
                  "marginRight": 20,
                  "width": 44,
                }
              }
            />
          </View>
        </View>
        <View
          style={
            Object {
              "backgroundColor": "rgb(63,50,77)",
              "height": 1,
              "opacity": 0.2,
            }
          }
        />
      </View>
      <View>
        <Text
          accessible={true}
          allowFontScaling={true}
          ellipsizeMode="tail"
          style={
            Array [
              Object {
                "color": "rgb(253,95,108)",
                "fontFamily": "Roboto-Regular",
                "fontSize": 11,
              },
              Object {
                "marginLeft": 80,
                "marginTop": 10,
              },
            ]
          }
        >
          
        </Text>
        <View
          style={
            Array [
              Object {
                "alignItems": "center",
                "flexDirection": "row",
                "padding": 30,
              },
              Object {
                "justifyContent": "center",
                "paddingTop": 4,
              },
            ]
          }
        >
          <View
            style={
              Array [
                Object {
                  "alignItems": "center",
                  "paddingLeft": 10,
                  "paddingRight": 30,
                  "width": 30,
                },
                Object {
                  "height": 40,
                  "marginHorizontal": 10,
                  "width": 40,
                },
              ]
            }
          >
            <Image
              source={
                Object {
                  "testUri": "../../../images/iconSubsNew.png",
                }
              }
            />
          </View>
          <View
            style={
              Object {
                "alignItems": "center",
                "flex": 1,
                "flexDirection": "row",
                "justifyContent": "center",
              }
            }
          >
            <TextInput
              allowFontScaling={true}
              clearButtonMode="while-editing"
              icon={
                Object {
                  "testUri": "../../../images/iconSubsNew.png",
                }
              }
              label="First Name"
              name="firstName"
              onChangeText={[Function]}
              onSubmitEditing={[Function]}
              placeholder="First Name"
              placeholderTextColor="rgb(212,212,212)"
              returnKeyType="next"
              store={
                ValidateItem {
                  "errorMessage": "",
                  "isValid": undefined,
                  "key": "firstName",
                  "value": "eric",
                }
              }
              style={
                Object {
                  "color": "rgb(63,50,77)",
                  "flex": 1,
                  "fontFamily": "Roboto-Regular",
                  "fontSize": 36,
                }
              }
              underlineColorAndroid="transparent"
              value="eric"
            />
            <View
              style={
                Object {
                  "alignItems": "center",
                  "justifyContent": "center",
                  "marginRight": 20,
                  "width": 44,
                }
              }
            />
          </View>
        </View>
        <View
          style={
            Object {
              "backgroundColor": "rgb(63,50,77)",
              "height": 1,
              "opacity": 0.2,
            }
          }
        />
      </View>
      <View>
        <Text
          accessible={true}
          allowFontScaling={true}
          ellipsizeMode="tail"
          style={
            Array [
              Object {
                "color": "rgb(253,95,108)",
                "fontFamily": "Roboto-Regular",
                "fontSize": 11,
              },
              Object {
                "marginLeft": 80,
                "marginTop": 10,
              },
            ]
          }
        >
          
        </Text>
        <View
          style={
            Array [
              Object {
                "alignItems": "center",
                "flexDirection": "row",
                "padding": 30,
              },
              Object {
                "justifyContent": "center",
                "paddingTop": 4,
              },
            ]
          }
        >
          <View
            style={
              Object {
                "alignItems": "center",
                "flex": 1,
                "flexDirection": "row",
                "justifyContent": "center",
              }
            }
          >
            <View
              style={
                Object {
                  "width": 60,
                }
              }
            />
            <TextInput
              allowFontScaling={true}
              clearButtonMode="while-editing"
              label="Last Name"
              name="lastName"
              onChangeText={[Function]}
              onSubmitEditing={[Function]}
              placeholder="Last Name"
              placeholderTextColor="rgb(212,212,212)"
              returnKeyType="next"
              store={
                ValidateItem {
                  "errorMessage": "",
                  "isValid": undefined,
                  "key": "lastName",
                  "value": "kirkham",
                }
              }
              style={
                Object {
                  "color": "rgb(63,50,77)",
                  "flex": 1,
                  "fontFamily": "Roboto-Regular",
                  "fontSize": 36,
                }
              }
              underlineColorAndroid="transparent"
              value="kirkham"
            />
            <View
              style={
                Object {
                  "alignItems": "center",
                  "justifyContent": "center",
                  "marginRight": 20,
                  "width": 44,
                }
              }
            />
          </View>
        </View>
        <View
          style={
            Object {
              "backgroundColor": "rgb(63,50,77)",
              "height": 1,
              "opacity": 0.2,
            }
          }
        />
      </View>
      <View>
        <Text
          accessible={true}
          allowFontScaling={true}
          ellipsizeMode="tail"
          style={
            Array [
              Object {
                "color": "rgb(253,95,108)",
                "fontFamily": "Roboto-Regular",
                "fontSize": 11,
              },
              Object {
                "marginLeft": 80,
                "marginTop": 10,
              },
            ]
          }
        >
          
        </Text>
        <View
          style={
            Array [
              Object {
                "alignItems": "center",
                "flexDirection": "row",
                "padding": 30,
              },
              Object {
                "justifyContent": "center",
                "paddingTop": 4,
              },
            ]
          }
        >
          <View
            style={
              Array [
                Object {
                  "alignItems": "center",
                  "paddingLeft": 10,
                  "paddingRight": 30,
                  "width": 30,
                },
                Object {
                  "height": 40,
                  "marginHorizontal": 10,
                  "width": 40,
                },
              ]
            }
          >
            <Image
              source={
                Object {
                  "testUri": "../../../images/iconEmailNew.png",
                }
              }
            />
          </View>
          <View
            style={
              Object {
                "alignItems": "center",
                "flex": 1,
                "flexDirection": "row",
                "justifyContent": "center",
              }
            }
          >
            <TextInput
              allowFontScaling={true}
              autoCapitalize="none"
              clearButtonMode="while-editing"
              icon={
                Object {
                  "testUri": "../../../images/iconEmailNew.png",
                }
              }
              keyboardType="email-address"
              label="Email"
              name="email"
              onChangeText={[Function]}
              onSubmit={[Function]}
              placeholder="Email"
              placeholderTextColor="rgb(212,212,212)"
              returnKeyType="done"
              store={
                ValidateItem {
                  "errorMessage": "",
                  "isValid": undefined,
                  "key": "email",
                  "value": "eric.kirkham@gmail.com",
                }
              }
              style={
                Object {
                  "color": "rgb(63,50,77)",
                  "flex": 1,
                  "fontFamily": "Roboto-Regular",
                  "fontSize": 36,
                }
              }
              underlineColorAndroid="transparent"
              value="eric.kirkham@gmail.com"
            />
            <View
              style={
                Object {
                  "alignItems": "center",
                  "justifyContent": "center",
                  "marginRight": 20,
                  "width": 44,
                }
              }
            />
          </View>
        </View>
        <View
          style={
            Object {
              "backgroundColor": "rgb(63,50,77)",
              "height": 1,
              "opacity": 0.2,
            }
          }
        />
      </View>
    </View>
    <Text
      accessible={true}
      allowFontScaling={true}
      ellipsizeMode="tail"
      style={
        Array [
          Object {
            "color": "rgb(155,155,155)",
            "fontFamily": "Roboto-Regular",
            "fontSize": 12.5,
          },
          Object {
            "fontSize": 25,
            "marginBottom": 70,
            "marginTop": 70,
            "textAlign": "center",
          },
        ]
      }
    >
      By signing up you agree to our 
      <Text
        accessible={true}
        allowFontScaling={true}
        ellipsizeMode="tail"
        onPress={[Function]}
        style={
          Array [
            Object {
              "color": undefined,
              "fontFamily": "Roboto-Bold",
              "fontSize": 12,
            },
            undefined,
          ]
        }
      >
        Privacy Policy
      </Text>
      ,
 
      <Text
        accessible={true}
        allowFontScaling={true}
        ellipsizeMode="tail"
        onPress={[Function]}
        style={
          Array [
            Object {
              "color": undefined,
              "fontFamily": "Roboto-Bold",
              "fontSize": 12,
            },
            undefined,
          ]
        }
      >
        Terms of Service
      </Text>
      <Text
        accessible={true}
        allowFontScaling={true}
        ellipsizeMode="tail"
        style={
          Array [
            Object {
              "color": undefined,
              "fontFamily": "Roboto-Regular",
              "fontSize": 12,
            },
            undefined,
          ]
        }
      >
        , and for us to contact you via email
for updates and information.
      </Text>
    </Text>
    <View
      accessibilityComponentType={undefined}
      accessibilityLabel={undefined}
      accessibilityTraits={undefined}
      accessible={true}
      collapsable={undefined}
      hitSlop={undefined}
      isTVSelectable={true}
      nativeID={undefined}
      onLayout={undefined}
      onResponderGrant={[Function]}
      onResponderMove={[Function]}
      onResponderRelease={[Function]}
      onResponderTerminate={[Function]}
      onResponderTerminationRequest={[Function]}
      onStartShouldSetResponder={[Function]}
      style={
        Object {
          "alignItems": "center",
          "alignSelf": "stretch",
          "backgroundColor": "rgb(254,92,108)",
          "borderRadius": 8,
          "borderWidth": 0,
          "flexDirection": "row",
          "height": 100,
          "justifyContent": "center",
          "marginBottom": 10,
          "marginLeft": 75,
          "marginRight": 75,
          "opacity": 1,
        }
      }
      testID={undefined}
      tvParallaxProperties={undefined}
    >
      <Text
        accessible={true}
        allowFontScaling={true}
        ellipsizeMode="tail"
        style={
          Array [
            Object {
              "backgroundColor": "transparent",
              "flex": 1,
              "fontSize": 18,
              "textAlign": "center",
            },
            Object {
              "color": "white",
              "fontFamily": "Roboto-Regular",
              "fontSize": 35,
              "letterSpacing": 0.8,
            },
          ]
        }
      >
        Done
      </Text>
    </View>
  </View>
</RCTScrollView>
`;
